in_source: |-
  .data:
    message "Hello world"
  .code:
    mov message
    loop:
        jz break
        out 1 str
        jmp loop
    break:
        halt
in_stdin: |-
  Fedor
out_code: |-
  [{"index": 0, "operation": "mov", "arg": ["@5"]},
  {"index": 1, "operation": "jz", "arg": ["@4"]},
  {"index": 2, "operation": "out", "arg": [1, "str"]},
  {"index": 3, "operation": "jmp", "arg": ["@1"]},
  {"index": 4, "operation": "halt"},
  {"index": 5, "data": 72},
  {"index": 6, "data": 101},
  {"index": 7, "data": 108},
  {"index": 8, "data": 108},
  {"index": 9, "data": 111},
  {"index": 10, "data": 32},
  {"index": 11, "data": 119},
  {"index": 12, "data": 111},
  {"index": 13, "data": 114},
  {"index": 14, "data": 108},
  {"index": 15, "data": 100},
  {"index": 17, "data": 0}]
out_stdout: |
  source LoC: 10 code instr: 5
  ============================================================
  Hello world
out_log: |
  DEBUG   control_unit:start         PC: 0 TICK: 0 P_ADDR: 0 MEM_ADDR: 0 REGS: [0, 0, 0, 0, 0, 0, 0, 0, 0, 0, 0, 0, 0, -1, 1, -2, 0, 0] COMMAND: mov ['@5']
  DEBUG   control_unit:start         PC: 1 TICK: 2 P_ADDR: 1 MEM_ADDR: 5 REGS: [0, 0, 0, 0, 0, 0, 0, 0, 0, 0, 0, 0, 0, -1, 1, -2, 0, 0] COMMAND: jz ['@4']
  DEBUG   control_unit:start         PC: 2 TICK: 3 P_ADDR: 2 MEM_ADDR: 5 REGS: [0, 0, 0, 0, 0, 0, 0, 0, 0, 0, 0, 0, 0, -1, 1, -2, 0, 0] COMMAND: out [1, 'str']
  DEBUG   isa:correct_out   out: "" << "H"
  DEBUG   control_unit:start         PC: 3 TICK: 7 P_ADDR: 3 MEM_ADDR: 6 REGS: [0, 0, 0, 0, 0, 0, 0, 0, 0, 0, 0, 0, 0, 72, 1, -2, 0, 0] COMMAND: jmp ['@1']
  DEBUG   control_unit:start         PC: 4 TICK: 8 P_ADDR: 1 MEM_ADDR: 6 REGS: [0, 0, 0, 0, 0, 0, 0, 0, 0, 0, 0, 0, 0, 72, 1, -2, 0, 0] COMMAND: jz ['@4']
  DEBUG   control_unit:start         PC: 5 TICK: 9 P_ADDR: 2 MEM_ADDR: 6 REGS: [0, 0, 0, 0, 0, 0, 0, 0, 0, 0, 0, 0, 0, 72, 1, -2, 0, 0] COMMAND: out [1, 'str']
  DEBUG   isa:correct_out   out: "H" << "e"
  DEBUG   control_unit:start         PC: 6 TICK: 13 P_ADDR: 3 MEM_ADDR: 7 REGS: [0, 0, 0, 0, 0, 0, 0, 0, 0, 0, 0, 0, 0, 101, 1, -2, 0, 0] COMMAND: jmp ['@1']
  DEBUG   control_unit:start         PC: 7 TICK: 14 P_ADDR: 1 MEM_ADDR: 7 REGS: [0, 0, 0, 0, 0, 0, 0, 0, 0, 0, 0, 0, 0, 101, 1, -2, 0, 0] COMMAND: jz ['@4']
  DEBUG   control_unit:start         PC: 8 TICK: 15 P_ADDR: 2 MEM_ADDR: 7 REGS: [0, 0, 0, 0, 0, 0, 0, 0, 0, 0, 0, 0, 0, 101, 1, -2, 0, 0] COMMAND: out [1, 'str']
  DEBUG   isa:correct_out   out: "He" << "l"
  DEBUG   control_unit:start         PC: 9 TICK: 19 P_ADDR: 3 MEM_ADDR: 8 REGS: [0, 0, 0, 0, 0, 0, 0, 0, 0, 0, 0, 0, 0, 108, 1, -2, 0, 0] COMMAND: jmp ['@1']
  DEBUG   control_unit:start         PC: 10 TICK: 20 P_ADDR: 1 MEM_ADDR: 8 REGS: [0, 0, 0, 0, 0, 0, 0, 0, 0, 0, 0, 0, 0, 108, 1, -2, 0, 0] COMMAND: jz ['@4']
  DEBUG   control_unit:start         PC: 11 TICK: 21 P_ADDR: 2 MEM_ADDR: 8 REGS: [0, 0, 0, 0, 0, 0, 0, 0, 0, 0, 0, 0, 0, 108, 1, -2, 0, 0] COMMAND: out [1, 'str']
  DEBUG   isa:correct_out   out: "Hel" << "l"
  DEBUG   control_unit:start         PC: 12 TICK: 25 P_ADDR: 3 MEM_ADDR: 9 REGS: [0, 0, 0, 0, 0, 0, 0, 0, 0, 0, 0, 0, 0, 108, 1, -2, 0, 0] COMMAND: jmp ['@1']
  DEBUG   control_unit:start         PC: 13 TICK: 26 P_ADDR: 1 MEM_ADDR: 9 REGS: [0, 0, 0, 0, 0, 0, 0, 0, 0, 0, 0, 0, 0, 108, 1, -2, 0, 0] COMMAND: jz ['@4']
  DEBUG   control_unit:start         PC: 14 TICK: 27 P_ADDR: 2 MEM_ADDR: 9 REGS: [0, 0, 0, 0, 0, 0, 0, 0, 0, 0, 0, 0, 0, 108, 1, -2, 0, 0] COMMAND: out [1, 'str']
  DEBUG   isa:correct_out   out: "Hell" << "o"
  DEBUG   control_unit:start         PC: 15 TICK: 31 P_ADDR: 3 MEM_ADDR: 10 REGS: [0, 0, 0, 0, 0, 0, 0, 0, 0, 0, 0, 0, 0, 111, 1, -2, 0, 0] COMMAND: jmp ['@1']
  DEBUG   control_unit:start         PC: 16 TICK: 32 P_ADDR: 1 MEM_ADDR: 10 REGS: [0, 0, 0, 0, 0, 0, 0, 0, 0, 0, 0, 0, 0, 111, 1, -2, 0, 0] COMMAND: jz ['@4']
  DEBUG   control_unit:start         PC: 17 TICK: 33 P_ADDR: 2 MEM_ADDR: 10 REGS: [0, 0, 0, 0, 0, 0, 0, 0, 0, 0, 0, 0, 0, 111, 1, -2, 0, 0] COMMAND: out [1, 'str']
  DEBUG   isa:correct_out   out: "Hello" << " "
  DEBUG   control_unit:start         PC: 18 TICK: 37 P_ADDR: 3 MEM_ADDR: 11 REGS: [0, 0, 0, 0, 0, 0, 0, 0, 0, 0, 0, 0, 0, 32, 1, -2, 0, 0] COMMAND: jmp ['@1']
  DEBUG   control_unit:start         PC: 19 TICK: 38 P_ADDR: 1 MEM_ADDR: 11 REGS: [0, 0, 0, 0, 0, 0, 0, 0, 0, 0, 0, 0, 0, 32, 1, -2, 0, 0] COMMAND: jz ['@4']
  DEBUG   control_unit:start         PC: 20 TICK: 39 P_ADDR: 2 MEM_ADDR: 11 REGS: [0, 0, 0, 0, 0, 0, 0, 0, 0, 0, 0, 0, 0, 32, 1, -2, 0, 0] COMMAND: out [1, 'str']
  DEBUG   isa:correct_out   out: "Hello " << "w"
  DEBUG   control_unit:start         PC: 21 TICK: 43 P_ADDR: 3 MEM_ADDR: 12 REGS: [0, 0, 0, 0, 0, 0, 0, 0, 0, 0, 0, 0, 0, 119, 1, -2, 0, 0] COMMAND: jmp ['@1']
  DEBUG   control_unit:start         PC: 22 TICK: 44 P_ADDR: 1 MEM_ADDR: 12 REGS: [0, 0, 0, 0, 0, 0, 0, 0, 0, 0, 0, 0, 0, 119, 1, -2, 0, 0] COMMAND: jz ['@4']
  DEBUG   control_unit:start         PC: 23 TICK: 45 P_ADDR: 2 MEM_ADDR: 12 REGS: [0, 0, 0, 0, 0, 0, 0, 0, 0, 0, 0, 0, 0, 119, 1, -2, 0, 0] COMMAND: out [1, 'str']
  DEBUG   isa:correct_out   out: "Hello w" << "o"
  DEBUG   control_unit:start         PC: 24 TICK: 49 P_ADDR: 3 MEM_ADDR: 13 REGS: [0, 0, 0, 0, 0, 0, 0, 0, 0, 0, 0, 0, 0, 111, 1, -2, 0, 0] COMMAND: jmp ['@1']
  DEBUG   control_unit:start         PC: 25 TICK: 50 P_ADDR: 1 MEM_ADDR: 13 REGS: [0, 0, 0, 0, 0, 0, 0, 0, 0, 0, 0, 0, 0, 111, 1, -2, 0, 0] COMMAND: jz ['@4']
  DEBUG   control_unit:start         PC: 26 TICK: 51 P_ADDR: 2 MEM_ADDR: 13 REGS: [0, 0, 0, 0, 0, 0, 0, 0, 0, 0, 0, 0, 0, 111, 1, -2, 0, 0] COMMAND: out [1, 'str']
  DEBUG   isa:correct_out   out: "Hello wo" << "r"
  DEBUG   control_unit:start         PC: 27 TICK: 55 P_ADDR: 3 MEM_ADDR: 14 REGS: [0, 0, 0, 0, 0, 0, 0, 0, 0, 0, 0, 0, 0, 114, 1, -2, 0, 0] COMMAND: jmp ['@1']
  DEBUG   control_unit:start         PC: 28 TICK: 56 P_ADDR: 1 MEM_ADDR: 14 REGS: [0, 0, 0, 0, 0, 0, 0, 0, 0, 0, 0, 0, 0, 114, 1, -2, 0, 0] COMMAND: jz ['@4']
  DEBUG   control_unit:start         PC: 29 TICK: 57 P_ADDR: 2 MEM_ADDR: 14 REGS: [0, 0, 0, 0, 0, 0, 0, 0, 0, 0, 0, 0, 0, 114, 1, -2, 0, 0] COMMAND: out [1, 'str']
  DEBUG   isa:correct_out   out: "Hello wor" << "l"
  DEBUG   control_unit:start         PC: 30 TICK: 61 P_ADDR: 3 MEM_ADDR: 15 REGS: [0, 0, 0, 0, 0, 0, 0, 0, 0, 0, 0, 0, 0, 108, 1, -2, 0, 0] COMMAND: jmp ['@1']
  DEBUG   control_unit:start         PC: 31 TICK: 62 P_ADDR: 1 MEM_ADDR: 15 REGS: [0, 0, 0, 0, 0, 0, 0, 0, 0, 0, 0, 0, 0, 108, 1, -2, 0, 0] COMMAND: jz ['@4']
  DEBUG   control_unit:start         PC: 32 TICK: 63 P_ADDR: 2 MEM_ADDR: 15 REGS: [0, 0, 0, 0, 0, 0, 0, 0, 0, 0, 0, 0, 0, 108, 1, -2, 0, 0] COMMAND: out [1, 'str']
  DEBUG   isa:correct_out   out: "Hello worl" << "d"
  DEBUG   control_unit:start         PC: 33 TICK: 67 P_ADDR: 3 MEM_ADDR: 16 REGS: [0, 0, 0, 0, 0, 0, 0, 0, 0, 0, 0, 0, 0, 100, 1, -2, 0, 0] COMMAND: jmp ['@1']
  DEBUG   control_unit:start         PC: 34 TICK: 68 P_ADDR: 1 MEM_ADDR: 16 REGS: [0, 0, 0, 0, 0, 0, 0, 0, 0, 0, 0, 0, 0, 100, 1, -2, 0, 0] COMMAND: jz ['@4']
  DEBUG   control_unit:start         PC: 35 TICK: 69 P_ADDR: 2 MEM_ADDR: 16 REGS: [0, 0, 0, 0, 0, 0, 0, 0, 0, 0, 0, 0, 0, 100, 1, -2, 0, 0] COMMAND: out [1, 'str']
  DEBUG   control_unit:start         PC: 36 TICK: 71 P_ADDR: 3 MEM_ADDR: 16 REGS: [0, 0, 0, 0, 0, 0, 0, 0, 0, 0, 0, 0, 0, 0, 1, -2, 0, 0] COMMAND: jmp ['@1']
  DEBUG   control_unit:start         PC: 37 TICK: 72 P_ADDR: 1 MEM_ADDR: 16 REGS: [0, 0, 0, 0, 0, 0, 0, 0, 0, 0, 0, 0, 0, 0, 1, -2, 0, 0] COMMAND: jz ['@4']
  DEBUG   control_unit:start         PC: 38 TICK: 75 P_ADDR: 4 MEM_ADDR: 16 REGS: [0, 0, 0, 0, 0, 0, 0, 0, 0, 0, 0, 0, 0, -1, 1, -2, 0, 0] COMMAND: halt []
